Archive member included because of file (symbol)

c:/ac6/systemworkbench/plugins/fr.ac6.mcu.externaltools.arm-none.win32_1.3.0.201507241045/tools/compiler/bin/../lib/gcc/arm-none-eabi/4.9.3/armv7e-m/fpu\libgcc.a(_arm_addsubdf3.o)
                              Application/User/main.o (__aeabi_f2d)
c:/ac6/systemworkbench/plugins/fr.ac6.mcu.externaltools.arm-none.win32_1.3.0.201507241045/tools/compiler/bin/../lib/gcc/arm-none-eabi/4.9.3/armv7e-m/fpu\libgcc.a(_arm_muldivdf3.o)
                              Application/User/main.o (__aeabi_ddiv)
c:/ac6/systemworkbench/plugins/fr.ac6.mcu.externaltools.arm-none.win32_1.3.0.201507241045/tools/compiler/bin/../lib/gcc/arm-none-eabi/4.9.3/armv7e-m/fpu\libgcc.a(_arm_truncdfsf2.o)
                              Application/User/main.o (__aeabi_d2f)
c:/ac6/systemworkbench/plugins/fr.ac6.mcu.externaltools.arm-none.win32_1.3.0.201507241045/tools/compiler/bin/../lib/gcc/arm-none-eabi/4.9.3/../../../../arm-none-eabi/lib/armv7e-m/fpu\libc_nano.a(lib_a-exit.o)
                              c:/ac6/systemworkbench/plugins/fr.ac6.mcu.externaltools.arm-none.win32_1.3.0.201507241045/tools/compiler/bin/../lib/gcc/arm-none-eabi/4.9.3/../../../../arm-none-eabi/lib/armv7e-m/fpu/crt0.o (exit)
c:/ac6/systemworkbench/plugins/fr.ac6.mcu.externaltools.arm-none.win32_1.3.0.201507241045/tools/compiler/bin/../lib/gcc/arm-none-eabi/4.9.3/../../../../arm-none-eabi/lib/armv7e-m/fpu\libc_nano.a(lib_a-impure.o)
                              c:/ac6/systemworkbench/plugins/fr.ac6.mcu.externaltools.arm-none.win32_1.3.0.201507241045/tools/compiler/bin/../lib/gcc/arm-none-eabi/4.9.3/../../../../arm-none-eabi/lib/armv7e-m/fpu\libc_nano.a(lib_a-exit.o) (_global_impure_ptr)
c:/ac6/systemworkbench/plugins/fr.ac6.mcu.externaltools.arm-none.win32_1.3.0.201507241045/tools/compiler/bin/../lib/gcc/arm-none-eabi/4.9.3/../../../../arm-none-eabi/lib/armv7e-m/fpu\libc_nano.a(lib_a-init.o)
                              c:/ac6/systemworkbench/plugins/fr.ac6.mcu.externaltools.arm-none.win32_1.3.0.201507241045/tools/compiler/bin/../lib/gcc/arm-none-eabi/4.9.3/../../../../arm-none-eabi/lib/armv7e-m/fpu/crt0.o (__libc_init_array)
c:/ac6/systemworkbench/plugins/fr.ac6.mcu.externaltools.arm-none.win32_1.3.0.201507241045/tools/compiler/bin/../lib/gcc/arm-none-eabi/4.9.3/../../../../arm-none-eabi/lib/armv7e-m/fpu\libc_nano.a(lib_a-memset.o)
                              c:/ac6/systemworkbench/plugins/fr.ac6.mcu.externaltools.arm-none.win32_1.3.0.201507241045/tools/compiler/bin/../lib/gcc/arm-none-eabi/4.9.3/../../../../arm-none-eabi/lib/armv7e-m/fpu/crt0.o (memset)
c:/ac6/systemworkbench/plugins/fr.ac6.mcu.externaltools.arm-none.win32_1.3.0.201507241045/tools/compiler/bin/../lib/gcc/arm-none-eabi/4.9.3/../../../../arm-none-eabi/lib/armv7e-m/fpu\libnosys.a(_exit.o)
                              c:/ac6/systemworkbench/plugins/fr.ac6.mcu.externaltools.arm-none.win32_1.3.0.201507241045/tools/compiler/bin/../lib/gcc/arm-none-eabi/4.9.3/../../../../arm-none-eabi/lib/armv7e-m/fpu\libc_nano.a(lib_a-exit.o) (_exit)
c:/ac6/systemworkbench/plugins/fr.ac6.mcu.externaltools.arm-none.win32_1.3.0.201507241045/tools/compiler/bin/../lib/gcc/arm-none-eabi/4.9.3/../../../../arm-none-eabi/lib/armv7e-m/fpu\libm.a(lib_a-s_round.o)
                              Application/User/main.o (round)
c:/ac6/systemworkbench/plugins/fr.ac6.mcu.externaltools.arm-none.win32_1.3.0.201507241045/tools/compiler/bin/../lib/gcc/arm-none-eabi/4.9.3/../../../../arm-none-eabi/lib/armv7e-m/fpu\libm.a(lib_a-sf_ceil.o)
                              Application/User/main.o (ceilf)
c:/ac6/systemworkbench/plugins/fr.ac6.mcu.externaltools.arm-none.win32_1.3.0.201507241045/tools/compiler/bin/../lib/gcc/arm-none-eabi/4.9.3/../../../../arm-none-eabi/lib/armv7e-m/fpu\libm.a(lib_a-sf_floor.o)
                              Application/User/main.o (floorf)

Allocating common symbols
Common symbol       size              file

hdma_usart2_rx      0x58              Application/User/main.o
htim4               0x3c              Application/User/main.o
htim10              0x3c              Application/User/main.o
command             0xa               Application/User/main.o
pFlash              0x20              Drivers/STM32F4xx_HAL_Driver/stm32f4xx_hal_flash.o
htim5               0x3c              Application/User/main.o
htim3               0x3c              Application/User/main.o
hadc1               0x44              Application/User/main.o
hdma_usart2_tx      0x58              Application/User/main.o
htim1               0x3c              Application/User/main.o
htim9               0x3c              Application/User/main.o
htim2               0x3c              Application/User/main.o
huart2              0x40              Application/User/main.o

Discarded input sections

 .text          0x00000000        0x0 c:/ac6/systemworkbench/plugins/fr.ac6.mcu.externaltools.arm-none.win32_1.3.0.201507241045/tools/compiler/bin/../lib/gcc/arm-none-eabi/4.9.3/armv7e-m/fpu/crti.o
[...]
Memory Configuration

Name             Origin             Length             Attributes
FLASH            0x08000000         0x00080000         xr
RAM              0x20000000         0x00018000         xrw
*default*        0x00000000         0xffffffff

Linker script and memory map

LOAD c:/ac6/systemworkbench/plugins/fr.ac6.mcu.externaltools.arm-none.win32_1.3.0.201507241045/tools/compiler/bin/../lib/gcc/arm-none-eabi/4.9.3/armv7e-m/fpu/crti.o
LOAD c:/ac6/systemworkbench/plugins/fr.ac6.mcu.externaltools.arm-none.win32_1.3.0.201507241045/tools/compiler/bin/../lib/gcc/arm-none-eabi/4.9.3/armv7e-m/fpu/crtbegin.o
LOAD c:/ac6/systemworkbench/plugins/fr.ac6.mcu.externaltools.arm-none.win32_1.3.0.201507241045/tools/compiler/bin/../lib/gcc/arm-none-eabi/4.9.3/../../../../arm-none-eabi/lib/armv7e-m/fpu/crt0.o
LOAD c:/ac6/systemworkbench/plugins/fr.ac6.mcu.externaltools.arm-none.win32_1.3.0.201507241045/tools/compiler/bin/../lib/gcc/arm-none-eabi/4.9.3/../../../../arm-none-eabi/lib/armv7e-m/fpu\libm.a
LOAD Drivers/STM32F4xx_HAL_Driver/stm32f4xx_hal.o
LOAD Drivers/STM32F4xx_HAL_Driver/stm32f4xx_hal_adc.o
LOAD Drivers/STM32F4xx_HAL_Driver/stm32f4xx_hal_adc_ex.o
LOAD Drivers/STM32F4xx_HAL_Driver/stm32f4xx_hal_cortex.o
LOAD Drivers/STM32F4xx_HAL_Driver/stm32f4xx_hal_dma.o
LOAD Drivers/STM32F4xx_HAL_Driver/stm32f4xx_hal_dma_ex.o
LOAD Drivers/STM32F4xx_HAL_Driver/stm32f4xx_hal_flash.o
LOAD Drivers/STM32F4xx_HAL_Driver/stm32f4xx_hal_flash_ex.o
LOAD Drivers/STM32F4xx_HAL_Driver/stm32f4xx_hal_flash_ramfunc.o
LOAD Drivers/STM32F4xx_HAL_Driver/stm32f4xx_hal_gpio.o
LOAD Drivers/STM32F4xx_HAL_Driver/stm32f4xx_hal_pwr.o
LOAD Drivers/STM32F4xx_HAL_Driver/stm32f4xx_hal_pwr_ex.o
LOAD Drivers/STM32F4xx_HAL_Driver/stm32f4xx_hal_rcc.o
LOAD Drivers/STM32F4xx_HAL_Driver/stm32f4xx_hal_rcc_ex.o
LOAD Drivers/STM32F4xx_HAL_Driver/stm32f4xx_hal_tim.o
LOAD Drivers/STM32F4xx_HAL_Driver/stm32f4xx_hal_tim_ex.o
LOAD Drivers/STM32F4xx_HAL_Driver/stm32f4xx_hal_uart.o
LOAD Drivers/CMSIS/system_stm32f4xx.o
LOAD Application/User/main.o
LOAD Application/User/stm32f4xx_hal_msp.o
LOAD Application/User/stm32f4xx_it.o
LOAD Application/SW4STM32/startup_stm32f401xe.o
START GROUP
LOAD c:/ac6/systemworkbench/plugins/fr.ac6.mcu.externaltools.arm-none.win32_1.3.0.201507241045/tools/compiler/bin/../lib/gcc/arm-none-eabi/4.9.3/armv7e-m/fpu\libgcc.a
LOAD c:/ac6/systemworkbench/plugins/fr.ac6.mcu.externaltools.arm-none.win32_1.3.0.201507241045/tools/compiler/bin/../lib/gcc/arm-none-eabi/4.9.3/../../../../arm-none-eabi/lib/armv7e-m/fpu\libc_nano.a
END GROUP
START GROUP
LOAD c:/ac6/systemworkbench/plugins/fr.ac6.mcu.externaltools.arm-none.win32_1.3.0.201507241045/tools/compiler/bin/../lib/gcc/arm-none-eabi/4.9.3/armv7e-m/fpu\libgcc.a
LOAD c:/ac6/systemworkbench/plugins/fr.ac6.mcu.externaltools.arm-none.win32_1.3.0.201507241045/tools/compiler/bin/../lib/gcc/arm-none-eabi/4.9.3/../../../../arm-none-eabi/lib/armv7e-m/fpu\libc_nano.a
LOAD c:/ac6/systemworkbench/plugins/fr.ac6.mcu.externaltools.arm-none.win32_1.3.0.201507241045/tools/compiler/bin/../lib/gcc/arm-none-eabi/4.9.3/../../../../arm-none-eabi/lib/armv7e-m/fpu\libnosys.a
END GROUP
START GROUP
LOAD c:/ac6/systemworkbench/plugins/fr.ac6.mcu.externaltools.arm-none.win32_1.3.0.201507241045/tools/compiler/bin/../lib/gcc/arm-none-eabi/4.9.3/armv7e-m/fpu\libgcc.a
LOAD c:/ac6/systemworkbench/plugins/fr.ac6.mcu.externaltools.arm-none.win32_1.3.0.201507241045/tools/compiler/bin/../lib/gcc/arm-none-eabi/4.9.3/../../../../arm-none-eabi/lib/armv7e-m/fpu\libc_nano.a
LOAD c:/ac6/systemworkbench/plugins/fr.ac6.mcu.externaltools.arm-none.win32_1.3.0.201507241045/tools/compiler/bin/../lib/gcc/arm-none-eabi/4.9.3/../../../../arm-none-eabi/lib/armv7e-m/fpu\libnosys.a
END GROUP
LOAD c:/ac6/systemworkbench/plugins/fr.ac6.mcu.externaltools.arm-none.win32_1.3.0.201507241045/tools/compiler/bin/../lib/gcc/arm-none-eabi/4.9.3/armv7e-m/fpu/crtend.o
LOAD c:/ac6/systemworkbench/plugins/fr.ac6.mcu.externaltools.arm-none.win32_1.3.0.201507241045/tools/compiler/bin/../lib/gcc/arm-none-eabi/4.9.3/armv7e-m/fpu/crtn.o
                0x20018000                _estack = 0x20018000
                0x00000200                _Min_Heap_Size = 0x200
                0x00000400                _Min_Stack_Size = 0x400

.isr_vector     0x08000000      0x194
                0x08000000                . = ALIGN (0x4)
 *(.isr_vector)
 .isr_vector    0x08000000      0x194 Application/SW4STM32/startup_stm32f401xe.o
                0x08000000                g_pfnVectors
                0x08000194                . = ALIGN (0x4)

.text           0x08000194     0x3934
                0x08000194                . = ALIGN (0x4)
 *(.text)
 .text          0x08000194       0x5c c:/ac6/systemworkbench/plugins/fr.ac6.mcu.externaltools.arm-none.win32_1.3.0.201507241045/tools/compiler/bin/../lib/gcc/arm-none-eabi/4.9.3/armv7e-m/fpu/crtbegin.o
 .text          0x080001f0      0x370 c:/ac6/systemworkbench/plugins/fr.ac6.mcu.externaltools.arm-none.win32_1.3.0.201507241045/tools/compiler/bin/../lib/gcc/arm-none-eabi/4.9.3/armv7e-m/fpu\libgcc.a(_arm_addsubdf3.o)
                0x080001f0                __aeabi_drsub
                0x080001f8                __aeabi_dsub
                0x080001f8                __subdf3
                0x080001fc                __aeabi_dadd
                0x080001fc                __adddf3
                0x08000474                __floatunsidf
                0x08000474                __aeabi_ui2d
                0x08000494                __floatsidf
                0x08000494                __aeabi_i2d
                0x080004b8                __aeabi_f2d
                0x080004b8                __extendsfdf2
                0x080004f4                __floatundidf
                0x080004f4                __aeabi_ul2d
                0x08000504                __floatdidf
                0x08000504                __aeabi_l2d
 .text          0x08000560      0x424 c:/ac6/systemworkbench/plugins/fr.ac6.mcu.externaltools.arm-none.win32_1.3.0.201507241045/tools/compiler/bin/../lib/gcc/arm-none-eabi/4.9.3/armv7e-m/fpu\libgcc.a(_arm_muldivdf3.o)
                0x08000560                __aeabi_dmul
                0x08000560                __muldf3
                0x080007b4                __divdf3
                0x080007b4                __aeabi_ddiv
 .text          0x08000984       0xa0 c:/ac6/systemworkbench/plugins/fr.ac6.mcu.externaltools.arm-none.win32_1.3.0.201507241045/tools/compiler/bin/../lib/gcc/arm-none-eabi/4.9.3/armv7e-m/fpu\libgcc.a(_arm_truncdfsf2.o)
                0x08000984                __truncdfsf2
                0x08000984                __aeabi_d2f
 *(.text*)
 .text.HAL_InitTick
                0x08000a24       0x24 Drivers/STM32F4xx_HAL_Driver/stm32f4xx_hal.o
                0x08000a24                HAL_InitTick
 .text.HAL_Init
                0x08000a48       0x34 Drivers/STM32F4xx_HAL_Driver/stm32f4xx_hal.o
                0x08000a48                HAL_Init
 .text.HAL_IncTick
                0x08000a7c       0x10 Drivers/STM32F4xx_HAL_Driver/stm32f4xx_hal.o
                0x08000a7c                HAL_IncTick
 .text.HAL_GetTick
                0x08000a8c        0xc Drivers/STM32F4xx_HAL_Driver/stm32f4xx_hal.o
                0x08000a8c                HAL_GetTick
 .text.HAL_ADC_Init
                0x08000a98      0x138 Drivers/STM32F4xx_HAL_Driver/stm32f4xx_hal_adc.o
                0x08000a98                HAL_ADC_Init
 .text.HAL_ADC_ConfigChannel
                0x08000bd0      0x120 Drivers/STM32F4xx_HAL_Driver/stm32f4xx_hal_adc.o
                0x08000bd0                HAL_ADC_ConfigChannel
 .text.HAL_NVIC_SetPriorityGrouping
                0x08000cf0       0x24 Drivers/STM32F4xx_HAL_Driver/stm32f4xx_hal_cortex.o
                0x08000cf0                HAL_NVIC_SetPriorityGrouping
 .text.HAL_NVIC_SetPriority
                0x08000d14       0x60 Drivers/STM32F4xx_HAL_Driver/stm32f4xx_hal_cortex.o
                0x08000d14                HAL_NVIC_SetPriority
 .text.HAL_NVIC_EnableIRQ
                0x08000d74       0x18 Drivers/STM32F4xx_HAL_Driver/stm32f4xx_hal_cortex.o
                0x08000d74                HAL_NVIC_EnableIRQ
 .text.HAL_SYSTICK_Config
                0x08000d8c       0x2c Drivers/STM32F4xx_HAL_Driver/stm32f4xx_hal_cortex.o
                0x08000d8c                HAL_SYSTICK_Config
 .text.HAL_SYSTICK_CLKSourceConfig
                0x08000db8       0x18 Drivers/STM32F4xx_HAL_Driver/stm32f4xx_hal_cortex.o
                0x08000db8                HAL_SYSTICK_CLKSourceConfig
 .text.HAL_SYSTICK_Callback
                0x08000dd0        0x2 Drivers/STM32F4xx_HAL_Driver/stm32f4xx_hal_cortex.o
                0x08000dd0                HAL_SYSTICK_Callback
 .text.HAL_SYSTICK_IRQHandler
                0x08000dd2        0x8 Drivers/STM32F4xx_HAL_Driver/stm32f4xx_hal_cortex.o
                0x08000dd2                HAL_SYSTICK_IRQHandler
 *fill*         0x08000dda        0x2 
 .text.DMA_CalcBaseAndBitshift
                0x08000ddc       0x2c Drivers/STM32F4xx_HAL_Driver/stm32f4xx_hal_dma.o
 .text.HAL_DMA_Init
                0x08000e08       0x74 Drivers/STM32F4xx_HAL_Driver/stm32f4xx_hal_dma.o
                0x08000e08                HAL_DMA_Init
 .text.HAL_DMA_Start_IT
                0x08000e7c       0x5a Drivers/STM32F4xx_HAL_Driver/stm32f4xx_hal_dma.o
                0x08000e7c                HAL_DMA_Start_IT
 *fill*         0x08000ed6        0x2 
 .text.HAL_DMA_IRQHandler
                0x08000ed8      0x160 Drivers/STM32F4xx_HAL_Driver/stm32f4xx_hal_dma.o
                0x08000ed8                HAL_DMA_IRQHandler
 .text.HAL_GPIO_Init
                0x08001038      0x198 Drivers/STM32F4xx_HAL_Driver/stm32f4xx_hal_gpio.o
                0x08001038                HAL_GPIO_Init
 .text.HAL_GPIO_ReadPin
                0x080011d0        0xc Drivers/STM32F4xx_HAL_Driver/stm32f4xx_hal_gpio.o
                0x080011d0                HAL_GPIO_ReadPin
 .text.HAL_GPIO_WritePin
                0x080011dc        0x8 Drivers/STM32F4xx_HAL_Driver/stm32f4xx_hal_gpio.o
                0x080011dc                HAL_GPIO_WritePin
 .text.HAL_GPIO_TogglePin
                0x080011e4        0x8 Drivers/STM32F4xx_HAL_Driver/stm32f4xx_hal_gpio.o
                0x080011e4                HAL_GPIO_TogglePin
 .text.HAL_RCC_OscConfig
                0x080011ec      0x310 Drivers/STM32F4xx_HAL_Driver/stm32f4xx_hal_rcc.o
                0x080011ec                HAL_RCC_OscConfig
 .text.HAL_RCC_ClockConfig
                0x080014fc      0x208 Drivers/STM32F4xx_HAL_Driver/stm32f4xx_hal_rcc.o
                0x080014fc                HAL_RCC_ClockConfig
 .text.HAL_RCC_EnableCSS
                0x08001704        0xc Drivers/STM32F4xx_HAL_Driver/stm32f4xx_hal_rcc.o
                0x08001704                HAL_RCC_EnableCSS
 .text.HAL_RCC_GetSysClockFreq
                0x08001710       0x80 Drivers/STM32F4xx_HAL_Driver/stm32f4xx_hal_rcc.o
                0x08001710                HAL_RCC_GetSysClockFreq
 .text.HAL_RCC_GetHCLKFreq
                0x08001790       0x34 Drivers/STM32F4xx_HAL_Driver/stm32f4xx_hal_rcc.o
                0x08001790                HAL_RCC_GetHCLKFreq
 .text.HAL_RCC_GetPCLK1Freq
                0x080017c4       0x2c Drivers/STM32F4xx_HAL_Driver/stm32f4xx_hal_rcc.o
                0x080017c4                HAL_RCC_GetPCLK1Freq
 .text.HAL_RCC_GetPCLK2Freq
                0x080017f0       0x2c Drivers/STM32F4xx_HAL_Driver/stm32f4xx_hal_rcc.o
                0x080017f0                HAL_RCC_GetPCLK2Freq
 .text.HAL_RCC_CSSCallback
                0x0800181c        0x2 Drivers/STM32F4xx_HAL_Driver/stm32f4xx_hal_rcc.o
                0x0800181c                HAL_RCC_CSSCallback
 *fill*         0x0800181e        0x2 
 .text.HAL_RCC_NMI_IRQHandler
                0x08001820       0x20 Drivers/STM32F4xx_HAL_Driver/stm32f4xx_hal_rcc.o
                0x08001820                HAL_RCC_NMI_IRQHandler
 .text.TIM_OC1_SetConfig
                0x08001840       0x50 Drivers/STM32F4xx_HAL_Driver/stm32f4xx_hal_tim.o
 .text.TIM_OC3_SetConfig
                0x08001890       0x58 Drivers/STM32F4xx_HAL_Driver/stm32f4xx_hal_tim.o
 .text.TIM_OC4_SetConfig
                0x080018e8       0x44 Drivers/STM32F4xx_HAL_Driver/stm32f4xx_hal_tim.o
 .text.HAL_TIM_Base_Start_IT
                0x0800192c       0x16 Drivers/STM32F4xx_HAL_Driver/stm32f4xx_hal_tim.o
                0x0800192c                HAL_TIM_Base_Start_IT
 .text.HAL_TIM_Base_Stop_IT
                0x08001942       0x2a Drivers/STM32F4xx_HAL_Driver/stm32f4xx_hal_tim.o
                0x08001942                HAL_TIM_Base_Stop_IT
 .text.HAL_TIM_Encoder_Start
                0x0800196c       0x46 Drivers/STM32F4xx_HAL_Driver/stm32f4xx_hal_tim.o
                0x0800196c                HAL_TIM_Encoder_Start
 .text.HAL_TIM_ConfigClockSource
                0x080019b2      0x174 Drivers/STM32F4xx_HAL_Driver/stm32f4xx_hal_tim.o
                0x080019b2                HAL_TIM_ConfigClockSource
 .text.HAL_TIM_OC_DelayElapsedCallback
                0x08001b26        0x2 Drivers/STM32F4xx_HAL_Driver/stm32f4xx_hal_tim.o
                0x08001b26                HAL_TIM_OC_DelayElapsedCallback
 .text.HAL_TIM_IC_CaptureCallback
                0x08001b28        0x2 Drivers/STM32F4xx_HAL_Driver/stm32f4xx_hal_tim.o
                0x08001b28                HAL_TIM_IC_CaptureCallback
 .text.HAL_TIM_PWM_PulseFinishedCallback
                0x08001b2a        0x2 Drivers/STM32F4xx_HAL_Driver/stm32f4xx_hal_tim.o
                0x08001b2a                HAL_TIM_PWM_PulseFinishedCallback
 .text.HAL_TIM_TriggerCallback
                0x08001b2c        0x2 Drivers/STM32F4xx_HAL_Driver/stm32f4xx_hal_tim.o
                0x08001b2c                HAL_TIM_TriggerCallback
 .text.HAL_TIM_IRQHandler
                0x08001b2e      0x144 Drivers/STM32F4xx_HAL_Driver/stm32f4xx_hal_tim.o
                0x08001b2e                HAL_TIM_IRQHandler
 *fill*         0x08001c72        0x2 
 .text.TIM_Base_SetConfig
                0x08001c74       0x98 Drivers/STM32F4xx_HAL_Driver/stm32f4xx_hal_tim.o
                0x08001c74                TIM_Base_SetConfig
 .text.HAL_TIM_Base_Init
                0x08001d0c       0x34 Drivers/STM32F4xx_HAL_Driver/stm32f4xx_hal_tim.o
                0x08001d0c                HAL_TIM_Base_Init
 .text.HAL_TIM_PWM_Init
                0x08001d40       0x34 Drivers/STM32F4xx_HAL_Driver/stm32f4xx_hal_tim.o
                0x08001d40                HAL_TIM_PWM_Init
 .text.HAL_TIM_Encoder_Init
                0x08001d74       0x92 Drivers/STM32F4xx_HAL_Driver/stm32f4xx_hal_tim.o
                0x08001d74                HAL_TIM_Encoder_Init
 *fill*         0x08001e06        0x2 
 .text.TIM_OC2_SetConfig
                0x08001e08       0x58 Drivers/STM32F4xx_HAL_Driver/stm32f4xx_hal_tim.o
                0x08001e08                TIM_OC2_SetConfig
 .text.HAL_TIM_PWM_ConfigChannel
                0x08001e60       0xc6 Drivers/STM32F4xx_HAL_Driver/stm32f4xx_hal_tim.o
                0x08001e60                HAL_TIM_PWM_ConfigChannel
 .text.TIM_CCxChannelCmd
                0x08001f26       0x18 Drivers/STM32F4xx_HAL_Driver/stm32f4xx_hal_tim.o
                0x08001f26                TIM_CCxChannelCmd
 *fill*         0x08001f3e        0x2 
 .text.HAL_TIM_PWM_Start
                0x08001f40       0x2c Drivers/STM32F4xx_HAL_Driver/stm32f4xx_hal_tim.o
                0x08001f40                HAL_TIM_PWM_Start
 .text.HAL_TIMEx_MasterConfigSynchronization
                0x08001f6c       0x44 Drivers/STM32F4xx_HAL_Driver/stm32f4xx_hal_tim_ex.o
                0x08001f6c                HAL_TIMEx_MasterConfigSynchronization
 .text.HAL_TIMEx_CommutationCallback
                0x08001fb0        0x2 Drivers/STM32F4xx_HAL_Driver/stm32f4xx_hal_tim_ex.o
                0x08001fb0                HAL_TIMEx_CommutationCallback
 .text.HAL_TIMEx_BreakCallback
                0x08001fb2        0x2 Drivers/STM32F4xx_HAL_Driver/stm32f4xx_hal_tim_ex.o
                0x08001fb2                HAL_TIMEx_BreakCallback
 .text.UART_SetConfig
                0x08001fb4      0x148 Drivers/STM32F4xx_HAL_Driver/stm32f4xx_hal_uart.o
 .text.HAL_UART_Init
                0x080020fc       0x58 Drivers/STM32F4xx_HAL_Driver/stm32f4xx_hal_uart.o
                0x080020fc                HAL_UART_Init
 .text.HAL_UART_Transmit_DMA
                0x08002154       0x84 Drivers/STM32F4xx_HAL_Driver/stm32f4xx_hal_uart.o
                0x08002154                HAL_UART_Transmit_DMA
 .text.HAL_UART_Receive_DMA
                0x080021d8       0x80 Drivers/STM32F4xx_HAL_Driver/stm32f4xx_hal_uart.o
                0x080021d8                HAL_UART_Receive_DMA
 .text.HAL_UART_TxCpltCallback
                0x08002258        0x2 Drivers/STM32F4xx_HAL_Driver/stm32f4xx_hal_uart.o
                0x08002258                HAL_UART_TxCpltCallback
 .text.UART_DMATransmitCplt
                0x0800225a       0x2c Drivers/STM32F4xx_HAL_Driver/stm32f4xx_hal_uart.o
 .text.HAL_UART_TxHalfCpltCallback
                0x08002286        0x2 Drivers/STM32F4xx_HAL_Driver/stm32f4xx_hal_uart.o
                0x08002286                HAL_UART_TxHalfCpltCallback
 .text.UART_DMATxHalfCplt
                0x08002288        0xa Drivers/STM32F4xx_HAL_Driver/stm32f4xx_hal_uart.o
 .text.UART_DMAReceiveCplt
                0x08002292       0x32 Drivers/STM32F4xx_HAL_Driver/stm32f4xx_hal_uart.o
 .text.HAL_UART_RxHalfCpltCallback
                0x080022c4        0x2 Drivers/STM32F4xx_HAL_Driver/stm32f4xx_hal_uart.o
                0x080022c4                HAL_UART_RxHalfCpltCallback
 .text.UART_DMARxHalfCplt
                0x080022c6        0xa Drivers/STM32F4xx_HAL_Driver/stm32f4xx_hal_uart.o
 .text.HAL_UART_ErrorCallback
                0x080022d0        0x2 Drivers/STM32F4xx_HAL_Driver/stm32f4xx_hal_uart.o
                0x080022d0                HAL_UART_ErrorCallback
 .text.UART_DMAError
                0x080022d2       0x1e Drivers/STM32F4xx_HAL_Driver/stm32f4xx_hal_uart.o
 .text.HAL_UART_IRQHandler
                0x080022f0      0x1b8 Drivers/STM32F4xx_HAL_Driver/stm32f4xx_hal_uart.o
                0x080022f0                HAL_UART_IRQHandler
 .text.SystemInit
                0x080024a8       0x4c Drivers/CMSIS/system_stm32f4xx.o
                0x080024a8                SystemInit
 .text.SystemClock_Config
                0x080024f4       0x94 Application/User/main.o
                0x080024f4                SystemClock_Config
 .text.setTimer
                0x08002588       0x1a Application/User/main.o
                0x08002588                setTimer
 *fill*         0x080025a2        0x2 
 .text.startSpeedTimer
                0x080025a4       0x28 Application/User/main.o
                0x080025a4                startSpeedTimer
 .text.startBluetoothTimer
                0x080025cc       0x1c Application/User/main.o
                0x080025cc                startBluetoothTimer
 .text.stopBluetoothTimer
                0x080025e8        0xc Application/User/main.o
                0x080025e8                stopBluetoothTimer
 .text.LeftForward
                0x080025f4       0x20 Application/User/main.o
                0x080025f4                LeftForward
 .text.LeftBackward
                0x08002614       0x20 Application/User/main.o
                0x08002614                LeftBackward
 .text.RightForward
                0x08002634       0x24 Application/User/main.o
                0x08002634                RightForward
 .text.startup.main
                0x08002658      0x394 Application/User/main.o
                0x08002658                main
 .text.RightBackward
                0x080029ec       0x24 Application/User/main.o
                0x080029ec                RightBackward
 .text.isLeftBackward
                0x08002a10       0x2c Application/User/main.o
                0x08002a10                isLeftBackward
 .text.isRightBackward
                0x08002a3c       0x2c Application/User/main.o
                0x08002a3c                isRightBackward
 .text.LeftPWM  0x08002a68       0x18 Application/User/main.o
                0x08002a68                LeftPWM
 .text.RightPWM
                0x08002a80       0x18 Application/User/main.o
                0x08002a80                RightPWM
 .text.stopMotors
                0x08002a98       0x24 Application/User/main.o
                0x08002a98                stopMotors
 .text.calcVelocity
                0x08002abc       0x34 Application/User/main.o
                0x08002abc                calcVelocity
 .text.LeftVelocity
                0x08002af0       0x2c Application/User/main.o
                0x08002af0                LeftVelocity
 .text.RightVelocity
                0x08002b1c       0x2c Application/User/main.o
                0x08002b1c                RightVelocity
 .text.float2byte
                0x08002b48       0xa4 Application/User/main.o
                0x08002b48                float2byte
 .text.byte2Float
                0x08002bec       0x3c Application/User/main.o
                0x08002bec                byte2Float
 .text.byte2int
                0x08002c28       0x1e Application/User/main.o
                0x08002c28                byte2int
 .text.invalidMessage
                0x08002c46       0x28 Application/User/main.o
                0x08002c46                invalidMessage
 *fill*         0x08002c6e        0x2 
 .text.setBlockedTimerResponse
                0x08002c70       0x18 Application/User/main.o
                0x08002c70                setBlockedTimerResponse
 .text.getVelocityResponse
                0x08002c88       0x54 Application/User/main.o
                0x08002c88                getVelocityResponse
 .text.setVelocityResponse
                0x08002cdc       0xa4 Application/User/main.o
                0x08002cdc                setVelocityResponse
 .text.setConfigResponse
                0x08002d80       0x6c Application/User/main.o
                0x08002d80                setConfigResponse
 .text.getConfigResponse
                0x08002dec       0x5c Application/User/main.o
                0x08002dec                getConfigResponse
 .text.setPWMResponse
                0x08002e48       0x90 Application/User/main.o
                0x08002e48                setPWMResponse
 .text.getPWMResponse
                0x08002ed8       0x38 Application/User/main.o
                0x08002ed8                getPWMResponse
 .text.setTimerResponse
                0x08002f10       0x46 Application/User/main.o
                0x08002f10                setTimerResponse
 .text.getTimerResponse
                0x08002f56       0x28 Application/User/main.o
                0x08002f56                getTimerResponse
 *fill*         0x08002f7e        0x2 
 .text.getSetSpeedResponse
                0x08002f80       0x54 Application/User/main.o
                0x08002f80                getSetSpeedResponse
 .text.setRegulationTimerResponse
                0x08002fd4       0x78 Application/User/main.o
                0x08002fd4                setRegulationTimerResponse
 .text.setMotorsDirection
                0x0800304c       0x80 Application/User/main.o
                0x0800304c                setMotorsDirection
 .text.getMotorsDirection
                0x080030cc       0x80 Application/User/main.o
                0x080030cc                getMotorsDirection
 .text.commandHandler
                0x0800314c       0xe8 Application/User/main.o
                0x0800314c                commandHandler
 .text.onEncoderOverload
                0x08003234       0x4c Application/User/main.o
                0x08003234                onEncoderOverload
 .text.HAL_UART_RxCpltCallback
                0x08003280       0x4c Application/User/main.o
                0x08003280                HAL_UART_RxCpltCallback
 .text.addNewPWM
                0x080032cc       0x70 Application/User/main.o
                0x080032cc                addNewPWM
 .text.regulation
                0x0800333c       0x68 Application/User/main.o
                0x0800333c                regulation
 .text.HAL_TIM_PeriodElapsedCallback
                0x080033a4       0xd8 Application/User/main.o
                0x080033a4                HAL_TIM_PeriodElapsedCallback
 .text.HAL_MspInit
                0x0800347c       0x18 Application/User/stm32f4xx_hal_msp.o
                0x0800347c                HAL_MspInit
 .text.HAL_ADC_MspInit
                0x08003494       0x44 Application/User/stm32f4xx_hal_msp.o
                0x08003494                HAL_ADC_MspInit
 .text.HAL_TIM_Encoder_MspInit
                0x080034d8       0xc8 Application/User/stm32f4xx_hal_msp.o
                0x080034d8                HAL_TIM_Encoder_MspInit
 .text.HAL_TIM_Base_MspInit
                0x080035a0       0xc0 Application/User/stm32f4xx_hal_msp.o
                0x080035a0                HAL_TIM_Base_MspInit
 .text.HAL_TIM_PWM_MspInit
                0x08003660       0x58 Application/User/stm32f4xx_hal_msp.o
                0x08003660                HAL_TIM_PWM_MspInit
 .text.HAL_UART_MspInit
                0x080036b8       0xf4 Application/User/stm32f4xx_hal_msp.o
                0x080036b8                HAL_UART_MspInit
 .text.NMI_Handler
                0x080037ac        0x4 Application/User/stm32f4xx_it.o
                0x080037ac                NMI_Handler
 .text.SysTick_Handler
                0x080037b0        0xe Application/User/stm32f4xx_it.o
                0x080037b0                SysTick_Handler
 *fill*         0x080037be        0x2 
 .text.DMA1_Stream5_IRQHandler
                0x080037c0        0xc Application/User/stm32f4xx_it.o
                0x080037c0                DMA1_Stream5_IRQHandler
 .text.DMA1_Stream6_IRQHandler
                0x080037cc        0xc Application/User/stm32f4xx_it.o
                0x080037cc                DMA1_Stream6_IRQHandler
 .text.TIM1_BRK_TIM9_IRQHandler
                0x080037d8       0x1c Application/User/stm32f4xx_it.o
                0x080037d8                TIM1_BRK_TIM9_IRQHandler
 .text.TIM1_UP_TIM10_IRQHandler
                0x080037f4       0x1c Application/User/stm32f4xx_it.o
                0x080037f4                TIM1_UP_TIM10_IRQHandler
 .text.TIM2_IRQHandler
                0x08003810        0xc Application/User/stm32f4xx_it.o
                0x08003810                TIM2_IRQHandler
 .text.TIM3_IRQHandler
                0x0800381c        0xc Application/User/stm32f4xx_it.o
                0x0800381c                TIM3_IRQHandler
 .text.TIM4_IRQHandler
                0x08003828        0xc Application/User/stm32f4xx_it.o
                0x08003828                TIM4_IRQHandler
 .text.USART2_IRQHandler
                0x08003834        0xc Application/User/stm32f4xx_it.o
                0x08003834                USART2_IRQHandler
 .text.TIM5_IRQHandler
                0x08003840        0xc Application/User/stm32f4xx_it.o
                0x08003840                TIM5_IRQHandler
 .text.Reset_Handler
                0x0800384c       0x50 Application/SW4STM32/startup_stm32f401xe.o
                0x0800384c                Reset_Handler
 .text.Default_Handler
                0x0800389c        0x2 Application/SW4STM32/startup_stm32f401xe.o
                0x0800389c                RTC_Alarm_IRQHandler
                0x0800389c                EXTI2_IRQHandler
                0x0800389c                DebugMon_Handler
                0x0800389c                SPI4_IRQHandler
                0x0800389c                TIM1_CC_IRQHandler
                0x0800389c                DMA2_Stream5_IRQHandler
                0x0800389c                HardFault_Handler
                0x0800389c                PVD_IRQHandler
                0x0800389c                SDIO_IRQHandler
                0x0800389c                TAMP_STAMP_IRQHandler
                0x0800389c                PendSV_Handler
                0x0800389c                EXTI3_IRQHandler
                0x0800389c                I2C3_ER_IRQHandler
                0x0800389c                EXTI0_IRQHandler
                0x0800389c                I2C2_EV_IRQHandler
                0x0800389c                DMA1_Stream2_IRQHandler
                0x0800389c                FPU_IRQHandler
                0x0800389c                UsageFault_Handler
                0x0800389c                DMA2_Stream2_IRQHandler
                0x0800389c                SPI1_IRQHandler
                0x0800389c                DMA2_Stream3_IRQHandler
                0x0800389c                USART6_IRQHandler
                0x0800389c                DMA2_Stream0_IRQHandler
                0x0800389c                I2C1_EV_IRQHandler
                0x0800389c                DMA1_Stream1_IRQHandler
                0x0800389c                RCC_IRQHandler
                0x0800389c                Default_Handler
                0x0800389c                EXTI15_10_IRQHandler
                0x0800389c                ADC_IRQHandler
                0x0800389c                DMA1_Stream7_IRQHandler
                0x0800389c                DMA2_Stream7_IRQHandler
                0x0800389c                I2C3_EV_IRQHandler
                0x0800389c                EXTI9_5_IRQHandler
                0x0800389c                RTC_WKUP_IRQHandler
                0x0800389c                SPI2_IRQHandler
                0x0800389c                MemManage_Handler
                0x0800389c                DMA1_Stream0_IRQHandler
                0x0800389c                SVC_Handler
                0x0800389c                EXTI4_IRQHandler
                0x0800389c                WWDG_IRQHandler
                0x0800389c                OTG_FS_WKUP_IRQHandler
                0x0800389c                TIM1_TRG_COM_TIM11_IRQHandler
                0x0800389c                EXTI1_IRQHandler
                0x0800389c                I2C2_ER_IRQHandler
                0x0800389c                DMA2_Stream1_IRQHandler
                0x0800389c                FLASH_IRQHandler
                0x0800389c                DMA2_Stream4_IRQHandler
                0x0800389c                BusFault_Handler
                0x0800389c                USART1_IRQHandler
                0x0800389c                OTG_FS_IRQHandler
                0x0800389c                SPI3_IRQHandler
                0x0800389c                DMA1_Stream4_IRQHandler
                0x0800389c                I2C1_ER_IRQHandler
                0x0800389c                DMA2_Stream6_IRQHandler
                0x0800389c                DMA1_Stream3_IRQHandler
 *fill*         0x0800389e        0x2 
 .text.__libc_init_array
                0x080038a0       0x4c c:/ac6/systemworkbench/plugins/fr.ac6.mcu.externaltools.arm-none.win32_1.3.0.201507241045/tools/compiler/bin/../lib/gcc/arm-none-eabi/4.9.3/../../../../arm-none-eabi/lib/armv7e-m/fpu\libc_nano.a(lib_a-init.o)
                0x080038a0                __libc_init_array
 .text.round    0x080038ec       0xa8 c:/ac6/systemworkbench/plugins/fr.ac6.mcu.externaltools.arm-none.win32_1.3.0.201507241045/tools/compiler/bin/../lib/gcc/arm-none-eabi/4.9.3/../../../../arm-none-eabi/lib/armv7e-m/fpu\libm.a(lib_a-s_round.o)
                0x080038ec                round
 .text.ceilf    0x08003994       0x8c c:/ac6/systemworkbench/plugins/fr.ac6.mcu.externaltools.arm-none.win32_1.3.0.201507241045/tools/compiler/bin/../lib/gcc/arm-none-eabi/4.9.3/../../../../arm-none-eabi/lib/armv7e-m/fpu\libm.a(lib_a-sf_ceil.o)
                0x08003994                ceilf
 .text.floorf   0x08003a20       0x90 c:/ac6/systemworkbench/plugins/fr.ac6.mcu.externaltools.arm-none.win32_1.3.0.201507241045/tools/compiler/bin/../lib/gcc/arm-none-eabi/4.9.3/../../../../arm-none-eabi/lib/armv7e-m/fpu\libm.a(lib_a-sf_floor.o)
                0x08003a20                floorf
 *(.glue_7)
 .glue_7        0x00000000        0x0 linker stubs
 *(.glue_7t)
 .glue_7t       0x00000000        0x0 linker stubs
 *(.eh_frame)
 .eh_frame      0x08003ab0        0x0 c:/ac6/systemworkbench/plugins/fr.ac6.mcu.externaltools.arm-none.win32_1.3.0.201507241045/tools/compiler/bin/../lib/gcc/arm-none-eabi/4.9.3/armv7e-m/fpu/crtbegin.o
 *(.init)
 .init          0x08003ab0        0x4 c:/ac6/systemworkbench/plugins/fr.ac6.mcu.externaltools.arm-none.win32_1.3.0.201507241045/tools/compiler/bin/../lib/gcc/arm-none-eabi/4.9.3/armv7e-m/fpu/crti.o
                0x08003ab0                _init
 .init          0x08003ab4        0x8 c:/ac6/systemworkbench/plugins/fr.ac6.mcu.externaltools.arm-none.win32_1.3.0.201507241045/tools/compiler/bin/../lib/gcc/arm-none-eabi/4.9.3/armv7e-m/fpu/crtn.o
 *(.fini)
 .fini          0x08003abc        0x4 c:/ac6/systemworkbench/plugins/fr.ac6.mcu.externaltools.arm-none.win32_1.3.0.201507241045/tools/compiler/bin/../lib/gcc/arm-none-eabi/4.9.3/armv7e-m/fpu/crti.o
                0x08003abc                _fini
 .fini          0x08003ac0        0x8 c:/ac6/systemworkbench/plugins/fr.ac6.mcu.externaltools.arm-none.win32_1.3.0.201507241045/tools/compiler/bin/../lib/gcc/arm-none-eabi/4.9.3/armv7e-m/fpu/crtn.o
                0x08003ac8                . = ALIGN (0x4)
                0x08003ac8                _etext = .

.vfp11_veneer   0x08003ac8        0x0
 .vfp11_veneer  0x00000000        0x0 linker stubs

.v4_bx          0x08003ac8        0x0
 .v4_bx         0x00000000        0x0 linker stubs

.iplt           0x08003ac8        0x0
 .iplt          0x00000000        0x0 c:/ac6/systemworkbench/plugins/fr.ac6.mcu.externaltools.arm-none.win32_1.3.0.201507241045/tools/compiler/bin/../lib/gcc/arm-none-eabi/4.9.3/armv7e-m/fpu/crtbegin.o

.rodata         0x08003ac8       0x18
                0x08003ac8                . = ALIGN (0x4)
 *(.rodata)
 .rodata        0x08003ac8        0x8 Drivers/STM32F4xx_HAL_Driver/stm32f4xx_hal_dma.o
 .rodata        0x08003ad0       0x10 Drivers/STM32F4xx_HAL_Driver/stm32f4xx_hal_rcc.o
                0x08003ad0                APBAHBPrescTable
 *(.rodata*)
                0x08003ae0                . = ALIGN (0x4)

.rel.dyn        0x08003ae0        0x0
 .rel.iplt      0x00000000        0x0 c:/ac6/systemworkbench/plugins/fr.ac6.mcu.externaltools.arm-none.win32_1.3.0.201507241045/tools/compiler/bin/../lib/gcc/arm-none-eabi/4.9.3/armv7e-m/fpu/crtbegin.o

.ARM.extab
 *(.ARM.extab* .gnu.linkonce.armextab.*)

.ARM            0x08003ae0        0x0
                0x08003ae0                __exidx_start = .
 *(.ARM.exidx*)
                0x08003ae0                __exidx_end = .

.preinit_array  0x08003ae0        0x0
                0x08003ae0                PROVIDE (__preinit_array_start, .)
 *(.preinit_array*)
                0x08003ae0                PROVIDE (__preinit_array_end, .)

.init_array     0x08003ae0        0x4
                0x08003ae0                PROVIDE (__init_array_start, .)
 *(SORT(.init_array.*))
 *(.init_array*)
 .init_array    0x08003ae0        0x4 c:/ac6/systemworkbench/plugins/fr.ac6.mcu.externaltools.arm-none.win32_1.3.0.201507241045/tools/compiler/bin/../lib/gcc/arm-none-eabi/4.9.3/armv7e-m/fpu/crtbegin.o
                0x08003ae4                PROVIDE (__init_array_end, .)

.fini_array     0x08003ae4        0x4
                0x08003ae4                PROVIDE (__fini_array_start, .)
 *(SORT(.fini_array.*))
 *(.fini_array*)
 .fini_array    0x08003ae4        0x4 c:/ac6/systemworkbench/plugins/fr.ac6.mcu.externaltools.arm-none.win32_1.3.0.201507241045/tools/compiler/bin/../lib/gcc/arm-none-eabi/4.9.3/armv7e-m/fpu/crtbegin.o
                0x08003ae8                PROVIDE (__fini_array_end, .)
                0x08003ae8                _sidata = LOADADDR (.data)

.data           0x20000000        0xc load address 0x08003ae8
                0x20000000                . = ALIGN (0x4)
                0x20000000                _sdata = .
 *(.data)
 .data          0x20000000        0x4 Drivers/CMSIS/system_stm32f4xx.o
                0x20000000                SystemCoreClock
 .data          0x20000004        0x8 Application/User/main.o
                0x20000004                encoderTimer
                0x20000008                pVal
 *(.data*)
                0x2000000c                . = ALIGN (0x4)
                0x2000000c                _edata = .

.jcr            0x2000000c        0x0 load address 0x08003af4
 .jcr           0x2000000c        0x0 c:/ac6/systemworkbench/plugins/fr.ac6.mcu.externaltools.arm-none.win32_1.3.0.201507241045/tools/compiler/bin/../lib/gcc/arm-none-eabi/4.9.3/armv7e-m/fpu/crtbegin.o

.igot.plt       0x2000000c        0x0 load address 0x08003af4
 .igot.plt      0x00000000        0x0 c:/ac6/systemworkbench/plugins/fr.ac6.mcu.externaltools.arm-none.win32_1.3.0.201507241045/tools/compiler/bin/../lib/gcc/arm-none-eabi/4.9.3/armv7e-m/fpu/crtbegin.o
                0x2000000c                . = ALIGN (0x4)

.bss            0x2000000c      0x350 load address 0x08003af4
                0x2000000c                _sbss = .
                0x2000000c                __bss_start__ = _sbss
 *(.bss)
 .bss           0x2000000c       0x1c c:/ac6/systemworkbench/plugins/fr.ac6.mcu.externaltools.arm-none.win32_1.3.0.201507241045/tools/compiler/bin/../lib/gcc/arm-none-eabi/4.9.3/armv7e-m/fpu/crtbegin.o
 .bss           0x20000028        0x4 Drivers/STM32F4xx_HAL_Driver/stm32f4xx_hal.o
 .bss           0x2000002c       0x4c Application/User/main.o
                0x2000002c                speedTimerFlag
                0x2000002d                bluetoothTimerFlag
                0x20000030                leftTotalTicks
                0x20000034                rightTotalTicks
                0x20000038                setLeftSpeed
                0x2000003c                setRightSpeed
                0x20000040                leftCurrentTicks
                0x20000044                rightCurrentTicks
                0x20000048                timerFlag
                0x2000004c                leftVelocity
                0x20000050                rightVelocity
                0x20000054                dVal
                0x20000058                ControlFlag
                0x2000005c                eLeft
                0x20000060                eRight
                0x20000064                peLeft
                0x20000068                newPWMLeft
                0x2000006c                peRight
                0x20000070                newPWMRight
                0x20000074                btTimeout
 *(.bss*)
 *(COMMON)
 COMMON         0x20000078      0x2e4 Application/User/main.o
                0x20000078                hdma_usart2_rx
                0x200000d0                htim4
                0x2000010c                htim10
                0x20000148                command
                0x20000154                htim5
                0x20000190                htim3
                0x200001cc                hadc1
                0x20000210                hdma_usart2_tx
                0x20000268                htim1
                0x200002a4                htim9
                0x200002e0                htim2
                0x2000031c                huart2
                0x2000035c                . = ALIGN (0x4)
                0x2000035c                _ebss = .
                0x2000035c                __bss_end__ = _ebss

._user_heap_stack
                0x2000035c      0x604 load address 0x08003af4
                0x20000360                . = ALIGN (0x8)
 *fill*         0x2000035c        0x4 
                0x20000360                PROVIDE (end, .)
                0x20000360                PROVIDE (_end, .)
                0x20000560                . = (. + _Min_Heap_Size)
 *fill*         0x20000360      0x200 
                0x20000960                . = (. + _Min_Stack_Size)
 *fill*         0x20000560      0x400 
                0x20000960                . = ALIGN (0x8)

/DISCARD/
 libc.a(*)
 libm.a(*)
 libgcc.a(*)

.ARM.attributes
                0x00000000       0x30
 *(.ARM.attributes)
 .ARM.attributes
                0x00000000       0x22 c:/ac6/systemworkbench/plugins/fr.ac6.mcu.externaltools.arm-none.win32_1.3.0.201507241045/tools/compiler/bin/../lib/gcc/arm-none-eabi/4.9.3/armv7e-m/fpu/crti.o
 .ARM.attributes
                0x00000022       0x34 c:/ac6/systemworkbench/plugins/fr.ac6.mcu.externaltools.arm-none.win32_1.3.0.201507241045/tools/compiler/bin/../lib/gcc/arm-none-eabi/4.9.3/armv7e-m/fpu/crtbegin.o
 .ARM.attributes
                0x00000056       0x39 Drivers/STM32F4xx_HAL_Driver/stm32f4xx_hal.o
 .ARM.attributes
                0x0000008f       0x39 Drivers/STM32F4xx_HAL_Driver/stm32f4xx_hal_adc.o
 .ARM.attributes
                0x000000c8       0x39 Drivers/STM32F4xx_HAL_Driver/stm32f4xx_hal_cortex.o
 .ARM.attributes
                0x00000101       0x39 Drivers/STM32F4xx_HAL_Driver/stm32f4xx_hal_dma.o
 .ARM.attributes
                0x0000013a       0x39 Drivers/STM32F4xx_HAL_Driver/stm32f4xx_hal_gpio.o
 .ARM.attributes
                0x00000173       0x39 Drivers/STM32F4xx_HAL_Driver/stm32f4xx_hal_rcc.o
 .ARM.attributes
                0x000001ac       0x39 Drivers/STM32F4xx_HAL_Driver/stm32f4xx_hal_tim.o
 .ARM.attributes
                0x000001e5       0x39 Drivers/STM32F4xx_HAL_Driver/stm32f4xx_hal_tim_ex.o
 .ARM.attributes
                0x0000021e       0x39 Drivers/STM32F4xx_HAL_Driver/stm32f4xx_hal_uart.o
 .ARM.attributes
                0x00000257       0x39 Drivers/CMSIS/system_stm32f4xx.o
 .ARM.attributes
                0x00000290       0x39 Application/User/main.o
 .ARM.attributes
                0x000002c9       0x39 Application/User/stm32f4xx_hal_msp.o
 .ARM.attributes
                0x00000302       0x39 Application/User/stm32f4xx_it.o
 .ARM.attributes
                0x0000033b       0x21 Application/SW4STM32/startup_stm32f401xe.o
 .ARM.attributes
                0x0000035c       0x22 c:/ac6/systemworkbench/plugins/fr.ac6.mcu.externaltools.arm-none.win32_1.3.0.201507241045/tools/compiler/bin/../lib/gcc/arm-none-eabi/4.9.3/armv7e-m/fpu\libgcc.a(_arm_addsubdf3.o)
 .ARM.attributes
                0x0000037e       0x22 c:/ac6/systemworkbench/plugins/fr.ac6.mcu.externaltools.arm-none.win32_1.3.0.201507241045/tools/compiler/bin/../lib/gcc/arm-none-eabi/4.9.3/armv7e-m/fpu\libgcc.a(_arm_muldivdf3.o)
 .ARM.attributes
                0x000003a0       0x22 c:/ac6/systemworkbench/plugins/fr.ac6.mcu.externaltools.arm-none.win32_1.3.0.201507241045/tools/compiler/bin/../lib/gcc/arm-none-eabi/4.9.3/armv7e-m/fpu\libgcc.a(_arm_truncdfsf2.o)
 .ARM.attributes
                0x000003c2       0x34 c:/ac6/systemworkbench/plugins/fr.ac6.mcu.externaltools.arm-none.win32_1.3.0.201507241045/tools/compiler/bin/../lib/gcc/arm-none-eabi/4.9.3/../../../../arm-none-eabi/lib/armv7e-m/fpu\libc_nano.a(lib_a-init.o)
 .ARM.attributes
                0x000003f6       0x22 c:/ac6/systemworkbench/plugins/fr.ac6.mcu.externaltools.arm-none.win32_1.3.0.201507241045/tools/compiler/bin/../lib/gcc/arm-none-eabi/4.9.3/armv7e-m/fpu/crtn.o
OUTPUT(czoko Configuration.elf elf32-littlearm)

.debug_info     0x00000000     0xf400
 .debug_info    0x00000000      0x87c Drivers/STM32F4xx_HAL_Driver/stm32f4xx_hal.o
 .debug_info    0x0000087c      0xdc8 Drivers/STM32F4xx_HAL_Driver/stm32f4xx_hal_adc.o
 .debug_info    0x00001644      0xdc7 Drivers/STM32F4xx_HAL_Driver/stm32f4xx_hal_cortex.o
 .debug_info    0x0000240b      0x7ea Drivers/STM32F4xx_HAL_Driver/stm32f4xx_hal_dma.o
 .debug_info    0x00002bf5      0x70e Drivers/STM32F4xx_HAL_Driver/stm32f4xx_hal_gpio.o
 .debug_info    0x00003303      0xd35 Drivers/STM32F4xx_HAL_Driver/stm32f4xx_hal_rcc.o
 .debug_info    0x00004038     0x3411 Drivers/STM32F4xx_HAL_Driver/stm32f4xx_hal_tim.o
 .debug_info    0x00007449     0x1279 Drivers/STM32F4xx_HAL_Driver/stm32f4xx_hal_tim_ex.o
 .debug_info    0x000086c2     0x121f Drivers/STM32F4xx_HAL_Driver/stm32f4xx_hal_uart.o
 .debug_info    0x000098e1      0x4a9 Drivers/CMSIS/system_stm32f4xx.o
 .debug_info    0x00009d8a     0x3706 Application/User/main.o
 .debug_info    0x0000d490     0x151f Application/User/stm32f4xx_hal_msp.o
 .debug_info    0x0000e9af      0x9a3 Application/User/stm32f4xx_it.o
 .debug_info    0x0000f352       0xae Application/SW4STM32/startup_stm32f401xe.o

.debug_abbrev   0x00000000     0x20ff
 .debug_abbrev  0x00000000      0x286 Drivers/STM32F4xx_HAL_Driver/stm32f4xx_hal.o
 .debug_abbrev  0x00000286      0x247 Drivers/STM32F4xx_HAL_Driver/stm32f4xx_hal_adc.o
 .debug_abbrev  0x000004cd      0x30d Drivers/STM32F4xx_HAL_Driver/stm32f4xx_hal_cortex.o
 .debug_abbrev  0x000007da      0x23b Drivers/STM32F4xx_HAL_Driver/stm32f4xx_hal_dma.o
 .debug_abbrev  0x00000a15      0x1c9 Drivers/STM32F4xx_HAL_Driver/stm32f4xx_hal_gpio.o
 .debug_abbrev  0x00000bde      0x340 Drivers/STM32F4xx_HAL_Driver/stm32f4xx_hal_rcc.o
 .debug_abbrev  0x00000f1e      0x327 Drivers/STM32F4xx_HAL_Driver/stm32f4xx_hal_tim.o
 .debug_abbrev  0x00001245      0x23b Drivers/STM32F4xx_HAL_Driver/stm32f4xx_hal_tim_ex.o
 .debug_abbrev  0x00001480      0x2d0 Drivers/STM32F4xx_HAL_Driver/stm32f4xx_hal_uart.o
 .debug_abbrev  0x00001750      0x104 Drivers/CMSIS/system_stm32f4xx.o
 .debug_abbrev  0x00001854      0x4bb Application/User/main.o
 .debug_abbrev  0x00001d0f      0x24c Application/User/stm32f4xx_hal_msp.o
 .debug_abbrev  0x00001f5b      0x192 Application/User/stm32f4xx_it.o
 .debug_abbrev  0x000020ed       0x12 Application/SW4STM32/startup_stm32f401xe.o

.debug_loc      0x00000000     0x794f
 .debug_loc     0x00000000       0x82 Drivers/STM32F4xx_HAL_Driver/stm32f4xx_hal.o
 .debug_loc     0x00000082      0x666 Drivers/STM32F4xx_HAL_Driver/stm32f4xx_hal_adc.o
 .debug_loc     0x000006e8      0x31e Drivers/STM32F4xx_HAL_Driver/stm32f4xx_hal_cortex.o
 .debug_loc     0x00000a06      0x4f2 Drivers/STM32F4xx_HAL_Driver/stm32f4xx_hal_dma.o
 .debug_loc     0x00000ef8      0x3b7 Drivers/STM32F4xx_HAL_Driver/stm32f4xx_hal_gpio.o
 .debug_loc     0x000012af      0x622 Drivers/STM32F4xx_HAL_Driver/stm32f4xx_hal_rcc.o
 .debug_loc     0x000018d1     0x3244 Drivers/STM32F4xx_HAL_Driver/stm32f4xx_hal_tim.o
 .debug_loc     0x00004b15      0xa3d Drivers/STM32F4xx_HAL_Driver/stm32f4xx_hal_tim_ex.o
 .debug_loc     0x00005552      0xe90 Drivers/STM32F4xx_HAL_Driver/stm32f4xx_hal_uart.o
 .debug_loc     0x000063e2       0xda Drivers/CMSIS/system_stm32f4xx.o
 .debug_loc     0x000064bc     0x1266 Application/User/main.o
 .debug_loc     0x00007722      0x22d Application/User/stm32f4xx_hal_msp.o

.debug_aranges  0x00000000      0xc28
 .debug_aranges
                0x00000000       0xc0 Drivers/STM32F4xx_HAL_Driver/stm32f4xx_hal.o
 .debug_aranges
                0x000000c0       0xe0 Drivers/STM32F4xx_HAL_Driver/stm32f4xx_hal_adc.o
 .debug_aranges
                0x000001a0       0x98 Drivers/STM32F4xx_HAL_Driver/stm32f4xx_hal_cortex.o
 .debug_aranges
                0x00000238       0x68 Drivers/STM32F4xx_HAL_Driver/stm32f4xx_hal_dma.o
 .debug_aranges
                0x000002a0       0x58 Drivers/STM32F4xx_HAL_Driver/stm32f4xx_hal_gpio.o
 .debug_aranges
                0x000002f8       0x88 Drivers/STM32F4xx_HAL_Driver/stm32f4xx_hal_rcc.o
 .debug_aranges
                0x00000380      0x330 Drivers/STM32F4xx_HAL_Driver/stm32f4xx_hal_tim.o
 .debug_aranges
                0x000006b0      0x140 Drivers/STM32F4xx_HAL_Driver/stm32f4xx_hal_tim_ex.o
 .debug_aranges
                0x000007f0      0x138 Drivers/STM32F4xx_HAL_Driver/stm32f4xx_hal_uart.o
 .debug_aranges
                0x00000928       0x28 Drivers/CMSIS/system_stm32f4xx.o
 .debug_aranges
                0x00000950      0x1d0 Application/User/main.o
 .debug_aranges
                0x00000b20       0x70 Application/User/stm32f4xx_hal_msp.o
 .debug_aranges
                0x00000b90       0x70 Application/User/stm32f4xx_it.o
 .debug_aranges
                0x00000c00       0x28 Application/SW4STM32/startup_stm32f401xe.o

.debug_ranges   0x00000000     0x1170
 .debug_ranges  0x00000000       0xb0 Drivers/STM32F4xx_HAL_Driver/stm32f4xx_hal.o
 .debug_ranges  0x000000b0       0xd0 Drivers/STM32F4xx_HAL_Driver/stm32f4xx_hal_adc.o
 .debug_ranges  0x00000180      0x120 Drivers/STM32F4xx_HAL_Driver/stm32f4xx_hal_cortex.o
 .debug_ranges  0x000002a0       0x58 Drivers/STM32F4xx_HAL_Driver/stm32f4xx_hal_dma.o
 .debug_ranges  0x000002f8       0x60 Drivers/STM32F4xx_HAL_Driver/stm32f4xx_hal_gpio.o
 .debug_ranges  0x00000358      0x158 Drivers/STM32F4xx_HAL_Driver/stm32f4xx_hal_rcc.o
 .debug_ranges  0x000004b0      0x3c8 Drivers/STM32F4xx_HAL_Driver/stm32f4xx_hal_tim.o
 .debug_ranges  0x00000878      0x130 Drivers/STM32F4xx_HAL_Driver/stm32f4xx_hal_tim_ex.o
 .debug_ranges  0x000009a8      0x128 Drivers/STM32F4xx_HAL_Driver/stm32f4xx_hal_uart.o
 .debug_ranges  0x00000ad0       0x18 Drivers/CMSIS/system_stm32f4xx.o
 .debug_ranges  0x00000ae8      0x488 Application/User/main.o
 .debug_ranges  0x00000f70      0x180 Application/User/stm32f4xx_hal_msp.o
 .debug_ranges  0x000010f0       0x60 Application/User/stm32f4xx_it.o
 .debug_ranges  0x00001150       0x20 Application/SW4STM32/startup_stm32f401xe.o

.debug_macro    0x00000000     0xf7e8
 .debug_macro   0x00000000      0x2e0 Drivers/STM32F4xx_HAL_Driver/stm32f4xx_hal.o
 .debug_macro   0x000002e0      0x886 Drivers/STM32F4xx_HAL_Driver/stm32f4xx_hal.o
 .debug_macro   0x00000b66      0x1a8 Drivers/STM32F4xx_HAL_Driver/stm32f4xx_hal.o
 .debug_macro   0x00000d0e       0x2e Drivers/STM32F4xx_HAL_Driver/stm32f4xx_hal.o
 .debug_macro   0x00000d3c       0x28 Drivers/STM32F4xx_HAL_Driver/stm32f4xx_hal.o
 .debug_macro   0x00000d64       0x3b Drivers/STM32F4xx_HAL_Driver/stm32f4xx_hal.o
 .debug_macro   0x00000d9f       0x22 Drivers/STM32F4xx_HAL_Driver/stm32f4xx_hal.o
 .debug_macro   0x00000dc1       0x44 Drivers/STM32F4xx_HAL_Driver/stm32f4xx_hal.o
 .debug_macro   0x00000e05       0x1c Drivers/STM32F4xx_HAL_Driver/stm32f4xx_hal.o
 .debug_macro   0x00000e21      0x1f7 Drivers/STM32F4xx_HAL_Driver/stm32f4xx_hal.o
 .debug_macro   0x00001018       0x34 Drivers/STM32F4xx_HAL_Driver/stm32f4xx_hal.o
 .debug_macro   0x0000104c       0x26 Drivers/STM32F4xx_HAL_Driver/stm32f4xx_hal.o
 .debug_macro   0x00001072      0xe43 Drivers/STM32F4xx_HAL_Driver/stm32f4xx_hal.o
 .debug_macro   0x00001eb5     0x501b Drivers/STM32F4xx_HAL_Driver/stm32f4xx_hal.o
 .debug_macro   0x00006ed0       0x43 Drivers/STM32F4xx_HAL_Driver/stm32f4xx_hal.o
 .debug_macro   0x00006f13     0x3222 Drivers/STM32F4xx_HAL_Driver/stm32f4xx_hal.o
 .debug_macro   0x0000a135       0x58 Drivers/STM32F4xx_HAL_Driver/stm32f4xx_hal.o
 .debug_macro   0x0000a18d       0x35 Drivers/STM32F4xx_HAL_Driver/stm32f4xx_hal.o
 .debug_macro   0x0000a1c2       0x9c Drivers/STM32F4xx_HAL_Driver/stm32f4xx_hal.o
 .debug_macro   0x0000a25e       0x16 Drivers/STM32F4xx_HAL_Driver/stm32f4xx_hal.o
 .debug_macro   0x0000a274       0x97 Drivers/STM32F4xx_HAL_Driver/stm32f4xx_hal.o
 .debug_macro   0x0000a30b      0x29d Drivers/STM32F4xx_HAL_Driver/stm32f4xx_hal.o
 .debug_macro   0x0000a5a8       0xef Drivers/STM32F4xx_HAL_Driver/stm32f4xx_hal.o
 .debug_macro   0x0000a697       0x10 Drivers/STM32F4xx_HAL_Driver/stm32f4xx_hal.o
 .debug_macro   0x0000a6a7       0x52 Drivers/STM32F4xx_HAL_Driver/stm32f4xx_hal.o
 .debug_macro   0x0000a6f9       0x16 Drivers/STM32F4xx_HAL_Driver/stm32f4xx_hal.o
 .debug_macro   0x0000a70f       0x43 Drivers/STM32F4xx_HAL_Driver/stm32f4xx_hal.o
 .debug_macro   0x0000a752      0x180 Drivers/STM32F4xx_HAL_Driver/stm32f4xx_hal.o
 .debug_macro   0x0000a8d2       0x10 Drivers/STM32F4xx_HAL_Driver/stm32f4xx_hal.o
 .debug_macro   0x0000a8e2       0x22 Drivers/STM32F4xx_HAL_Driver/stm32f4xx_hal.o
 .debug_macro   0x0000a904       0xbd Drivers/STM32F4xx_HAL_Driver/stm32f4xx_hal.o
 .debug_macro   0x0000a9c1       0x16 Drivers/STM32F4xx_HAL_Driver/stm32f4xx_hal.o
 .debug_macro   0x0000a9d7      0x196 Drivers/STM32F4xx_HAL_Driver/stm32f4xx_hal.o
 .debug_macro   0x0000ab6d       0x50 Drivers/STM32F4xx_HAL_Driver/stm32f4xx_hal.o
 .debug_macro   0x0000abbd      0x352 Drivers/STM32F4xx_HAL_Driver/stm32f4xx_hal.o
 .debug_macro   0x0000af0f      0x8b5 Drivers/STM32F4xx_HAL_Driver/stm32f4xx_hal.o
 .debug_macro   0x0000b7c4      0x11e Drivers/STM32F4xx_HAL_Driver/stm32f4xx_hal.o
 .debug_macro   0x0000b8e2       0xf8 Drivers/STM32F4xx_HAL_Driver/stm32f4xx_hal.o
 .debug_macro   0x0000b9da       0x27 Drivers/STM32F4xx_HAL_Driver/stm32f4xx_hal.o
 .debug_macro   0x0000ba01      0x272 Drivers/STM32F4xx_HAL_Driver/stm32f4xx_hal.o
 .debug_macro   0x0000bc73       0x5f Drivers/STM32F4xx_HAL_Driver/stm32f4xx_hal.o
 .debug_macro   0x0000bcd2      0x241 Drivers/STM32F4xx_HAL_Driver/stm32f4xx_hal.o
 .debug_macro   0x0000bf13      0x31a Drivers/STM32F4xx_HAL_Driver/stm32f4xx_hal.o
 .debug_macro   0x0000c22d      0x162 Drivers/STM32F4xx_HAL_Driver/stm32f4xx_hal.o
 .debug_macro   0x0000c38f       0xd6 Drivers/STM32F4xx_HAL_Driver/stm32f4xx_hal.o
 .debug_macro   0x0000c465      0x13a Drivers/STM32F4xx_HAL_Driver/stm32f4xx_hal.o
 .debug_macro   0x0000c59f      0x264 Drivers/STM32F4xx_HAL_Driver/stm32f4xx_hal.o
 .debug_macro   0x0000c803       0x2e Drivers/STM32F4xx_HAL_Driver/stm32f4xx_hal.o
 .debug_macro   0x0000c831      0x11e Drivers/STM32F4xx_HAL_Driver/stm32f4xx_hal.o
 .debug_macro   0x0000c94f       0x85 Drivers/STM32F4xx_HAL_Driver/stm32f4xx_hal.o
 .debug_macro   0x0000c9d4       0x89 Drivers/STM32F4xx_HAL_Driver/stm32f4xx_hal.o
 .debug_macro   0x0000ca5d      0x6d9 Drivers/STM32F4xx_HAL_Driver/stm32f4xx_hal.o
 .debug_macro   0x0000d136       0x59 Drivers/STM32F4xx_HAL_Driver/stm32f4xx_hal.o
 .debug_macro   0x0000d18f      0x14d Drivers/STM32F4xx_HAL_Driver/stm32f4xx_hal.o
 .debug_macro   0x0000d2dc      0x287 Drivers/STM32F4xx_HAL_Driver/stm32f4xx_hal.o
 .debug_macro   0x0000d563      0x11e Drivers/STM32F4xx_HAL_Driver/stm32f4xx_hal.o
 .debug_macro   0x0000d681      0x293 Drivers/STM32F4xx_HAL_Driver/stm32f4xx_hal_adc.o
 .debug_macro   0x0000d914      0x292 Drivers/STM32F4xx_HAL_Driver/stm32f4xx_hal_cortex.o
 .debug_macro   0x0000dba6      0x299 Drivers/STM32F4xx_HAL_Driver/stm32f4xx_hal_dma.o
 .debug_macro   0x0000de3f      0x2ca Drivers/STM32F4xx_HAL_Driver/stm32f4xx_hal_gpio.o
 .debug_macro   0x0000e109      0x2bc Drivers/STM32F4xx_HAL_Driver/stm32f4xx_hal_rcc.o
 .debug_macro   0x0000e3c5      0x293 Drivers/STM32F4xx_HAL_Driver/stm32f4xx_hal_tim.o
 .debug_macro   0x0000e658      0x292 Drivers/STM32F4xx_HAL_Driver/stm32f4xx_hal_tim_ex.o
 .debug_macro   0x0000e8ea      0x29a Drivers/STM32F4xx_HAL_Driver/stm32f4xx_hal_uart.o
 .debug_macro   0x0000eb84      0x298 Drivers/CMSIS/system_stm32f4xx.o
 .debug_macro   0x0000ee1c      0x2bd Application/User/main.o
 .debug_macro   0x0000f0d9      0x1e1 Application/User/main.o
 .debug_macro   0x0000f2ba      0x292 Application/User/stm32f4xx_hal_msp.o
 .debug_macro   0x0000f54c      0x29c Application/User/stm32f4xx_it.o

.debug_line     0x00000000     0x8fd9
 .debug_line    0x00000000      0x84b Drivers/STM32F4xx_HAL_Driver/stm32f4xx_hal.o
 .debug_line    0x0000084b      0xb21 Drivers/STM32F4xx_HAL_Driver/stm32f4xx_hal_adc.o
 .debug_line    0x0000136c      0x8a0 Drivers/STM32F4xx_HAL_Driver/stm32f4xx_hal_cortex.o
 .debug_line    0x00001c0c      0x913 Drivers/STM32F4xx_HAL_Driver/stm32f4xx_hal_dma.o
 .debug_line    0x0000251f      0x859 Drivers/STM32F4xx_HAL_Driver/stm32f4xx_hal_gpio.o
 .debug_line    0x00002d78      0x9e4 Drivers/STM32F4xx_HAL_Driver/stm32f4xx_hal_rcc.o
 .debug_line    0x0000375c     0x16bd Drivers/STM32F4xx_HAL_Driver/stm32f4xx_hal_tim.o
 .debug_line    0x00004e19      0xc78 Drivers/STM32F4xx_HAL_Driver/stm32f4xx_hal_tim_ex.o
 .debug_line    0x00005a91      0xe59 Drivers/STM32F4xx_HAL_Driver/stm32f4xx_hal_uart.o
 .debug_line    0x000068ea      0x707 Drivers/CMSIS/system_stm32f4xx.o
 .debug_line    0x00006ff1      0xf53 Application/User/main.o
 .debug_line    0x00007f44      0x876 Application/User/stm32f4xx_hal_msp.o
 .debug_line    0x000087ba      0x767 Application/User/stm32f4xx_it.o
 .debug_line    0x00008f21       0xb8 Application/SW4STM32/startup_stm32f401xe.o

.debug_str      0x00000000    0x61a00
 .debug_str     0x00000000    0x5dbf8 Drivers/STM32F4xx_HAL_Driver/stm32f4xx_hal.o
                              0x5df71 (size before relaxing)
 .debug_str     0x0005dbf8      0x825 Drivers/STM32F4xx_HAL_Driver/stm32f4xx_hal_adc.o
                              0x5de22 (size before relaxing)
 .debug_str     0x0005e41d      0x393 Drivers/STM32F4xx_HAL_Driver/stm32f4xx_hal_cortex.o
                              0x5ddcb (size before relaxing)
 .debug_str     0x0005e7b0      0x1ae Drivers/STM32F4xx_HAL_Driver/stm32f4xx_hal_dma.o
                              0x5d9d3 (size before relaxing)
 .debug_str     0x0005e95e      0x2de Drivers/STM32F4xx_HAL_Driver/stm32f4xx_hal_gpio.o
                              0x5d94f (size before relaxing)
 .debug_str     0x0005ec3c      0x397 Drivers/STM32F4xx_HAL_Driver/stm32f4xx_hal_rcc.o
                              0x5daf4 (size before relaxing)
 .debug_str     0x0005efd3      0xe75 Drivers/STM32F4xx_HAL_Driver/stm32f4xx_hal_tim.o
                              0x5e74e (size before relaxing)
 .debug_str     0x0005fe48      0x4f6 Drivers/STM32F4xx_HAL_Driver/stm32f4xx_hal_tim_ex.o
                              0x5e006 (size before relaxing)
 .debug_str     0x0006033e      0x525 Drivers/STM32F4xx_HAL_Driver/stm32f4xx_hal_uart.o
                              0x5ddcf (size before relaxing)
 .debug_str     0x00060863       0x93 Drivers/CMSIS/system_stm32f4xx.o
                              0x5d700 (size before relaxing)
 .debug_str     0x000608f6      0xfc3 Application/User/main.o
                              0x5f882 (size before relaxing)
 .debug_str     0x000618b9       0x45 Application/User/stm32f4xx_hal_msp.o
                              0x5e4a4 (size before relaxing)
 .debug_str     0x000618fe      0x102 Application/User/stm32f4xx_it.o
                              0x5dcc2 (size before relaxing)

.comment        0x00000000       0x70
 .comment       0x00000000       0x70 Drivers/STM32F4xx_HAL_Driver/stm32f4xx_hal.o
                                 0x71 (size before relaxing)
 .comment       0x00000000       0x71 Drivers/STM32F4xx_HAL_Driver/stm32f4xx_hal_adc.o
 .comment       0x00000000       0x71 Drivers/STM32F4xx_HAL_Driver/stm32f4xx_hal_cortex.o
 .comment       0x00000000       0x71 Drivers/STM32F4xx_HAL_Driver/stm32f4xx_hal_dma.o
 .comment       0x00000000       0x71 Drivers/STM32F4xx_HAL_Driver/stm32f4xx_hal_gpio.o
 .comment       0x00000000       0x71 Drivers/STM32F4xx_HAL_Driver/stm32f4xx_hal_rcc.o
 .comment       0x00000000       0x71 Drivers/STM32F4xx_HAL_Driver/stm32f4xx_hal_tim.o
 .comment       0x00000000       0x71 Drivers/STM32F4xx_HAL_Driver/stm32f4xx_hal_tim_ex.o
 .comment       0x00000000       0x71 Drivers/STM32F4xx_HAL_Driver/stm32f4xx_hal_uart.o
 .comment       0x00000000       0x71 Drivers/CMSIS/system_stm32f4xx.o
 .comment       0x00000000       0x71 Application/User/main.o
 .comment       0x00000000       0x71 Application/User/stm32f4xx_hal_msp.o
 .comment       0x00000000       0x71 Application/User/stm32f4xx_it.o

.debug_frame    0x00000000     0x1f5c
 .debug_frame   0x00000000      0x184 Drivers/STM32F4xx_HAL_Driver/stm32f4xx_hal.o
 .debug_frame   0x00000184      0x230 Drivers/STM32F4xx_HAL_Driver/stm32f4xx_hal_adc.o
 .debug_frame   0x000003b4      0x134 Drivers/STM32F4xx_HAL_Driver/stm32f4xx_hal_cortex.o
 .debug_frame   0x000004e8      0x118 Drivers/STM32F4xx_HAL_Driver/stm32f4xx_hal_dma.o
 .debug_frame   0x00000600       0xc4 Drivers/STM32F4xx_HAL_Driver/stm32f4xx_hal_gpio.o
 .debug_frame   0x000006c4      0x154 Drivers/STM32F4xx_HAL_Driver/stm32f4xx_hal_rcc.o
 .debug_frame   0x00000818      0x88c Drivers/STM32F4xx_HAL_Driver/stm32f4xx_hal_tim.o
 .debug_frame   0x000010a4      0x370 Drivers/STM32F4xx_HAL_Driver/stm32f4xx_hal_tim_ex.o
 .debug_frame   0x00001414      0x314 Drivers/STM32F4xx_HAL_Driver/stm32f4xx_hal_uart.o
 .debug_frame   0x00001728       0x30 Drivers/CMSIS/system_stm32f4xx.o
 .debug_frame   0x00001758      0x5a0 Application/User/main.o
 .debug_frame   0x00001cf8      0x154 Application/User/stm32f4xx_hal_msp.o
 .debug_frame   0x00001e4c       0xe4 Application/User/stm32f4xx_it.o
 .debug_frame   0x00001f30       0x2c c:/ac6/systemworkbench/plugins/fr.ac6.mcu.externaltools.arm-none.win32_1.3.0.201507241045/tools/compiler/bin/../lib/gcc/arm-none-eabi/4.9.3/../../../../arm-none-eabi/lib/armv7e-m/fpu\libc_nano.a(lib_a-init.o)
